index.svg
exa
vagrant
g
h
m
a
n
k
j
o
f
b
q
p
l
e
d
image.jpg.img.c.rs.log.png
c
i
