a
b
c
d
e
exa
f
g
h
i
j
k
l
m
n
o
p
q
vagrant
image.jpg.img.c.rs.log.png
index.svg
