i
c
image.jpg.img.c.rs.log.png
d
e
l
p
q
b
f
o
j
k
n
a
m
h
g
vagrant
exa
index.svg
