vagrant
q
p
o
n
m
l
k
j
index.svg
image.jpg.img.c.rs.log.png
i
h
g
f
exa
e
d
c
b
a
